This is a test output from Agent